{
  "version": "1.5.0",
  "plugins_used": [
    {"name": "AWSKeyDetector"},
    {"name": "BasicAuthDetector"},
    {"name": "PrivateKeyDetector"},
    {"name": "JwtTokenDetector"},
    {"name": "KeywordDetector"},
    {"name": "Base64HighEntropyString", "limit": 4.5},
    {"name": "HexHighEntropyString", "limit": 3.0}
  ],
  "filters_used": [],
  "results": {},
  "generated_at": "2026-05-17T12:00:00Z"
}
